#Style	Type	Price	Delta	Vega	Gamma	Theta	Rho	ImplVol(price)
EUROPEAN	PUT	3.84431	-0.550452	14.2469	0.0549649	-0.00505826	-23.6606	0.350352
EUROPEAN	CALL	2.17373	0.449548	14.2469	0.0549649	-2.26529	14.01	0.362237
AMERICAN	PUT	4.45963	-0.691409	10.959	0.0911699	-0.805486	-10.3201	0.320696
AMERICAN	CALL	2.17373	0.449548	14.2469	0.0549649	-2.26529	14.01	0.362237
EUROPEAN	PUT	3.84431	-0.542586	14.5896	0.0539234	0.00494695	-24.4021	0.347091
EUROPEAN	CALL	2.27268	0.457414	14.5896	0.0539234	-2.24935	14.8165	0.351978
AMERICAN	PUT	4.49487	-0.693056	11.0947	0.0929054	-0.802373	-10.357	0.316189
AMERICAN	CALL	2.27268	0.457414	14.5896	0.0539234	-2.24935	14.8165	0.351978
